yarn install v1.22.22
[1/4] Resolving packages...
[2/4] Fetching packages...
warning Pattern ["strip-ansi@^6.0.1"] is trying to unpack in the same destination "$LAB/yarn-cache-clean/v6/npm-strip-ansi-cjs-6.0.1-9e26c63d30f53443e9489495b2105d37b67a85d9-integrity/node_modules/strip-ansi-cjs" as pattern ["strip-ansi-cjs@npm:strip-ansi@^6.0.1"]. This could result in non-deterministic behavior, skipping.
warning Pattern ["string-width@^4.1.0"] is trying to unpack in the same destination "$LAB/yarn-cache-clean/v6/npm-string-width-cjs-4.2.3-269c7117d27b05ad2e536830a8ec895ef9c6d010-integrity/node_modules/string-width-cjs" as pattern ["string-width-cjs@npm:string-width@^4.2.0"]. This could result in non-deterministic behavior, skipping.
warning Pattern ["strip-ansi@^6.0.0"] is trying to unpack in the same destination "$LAB/yarn-cache-clean/v6/npm-strip-ansi-cjs-6.0.1-9e26c63d30f53443e9489495b2105d37b67a85d9-integrity/node_modules/strip-ansi-cjs" as pattern ["strip-ansi-cjs@npm:strip-ansi@^6.0.1"]. This could result in non-deterministic behavior, skipping.
[3/4] Linking dependencies...
warning "frappe-ui > @tiptap/extension-color@2.2.3" has unmet peer dependency "@tiptap/core@^2.0.0".
warning "frappe-ui > @tiptap/extension-highlight@2.2.3" has unmet peer dependency "@tiptap/core@^2.0.0".
warning "frappe-ui > @tiptap/extension-image@2.2.3" has unmet peer dependency "@tiptap/core@^2.0.0".
warning "frappe-ui > @tiptap/extension-link@2.2.3" has unmet peer dependency "@tiptap/core@^2.0.0".
warning "frappe-ui > @tiptap/extension-mention@2.2.3" has unmet peer dependency "@tiptap/core@^2.0.0".
warning "frappe-ui > @tiptap/extension-placeholder@2.2.3" has unmet peer dependency "@tiptap/core@^2.0.0".
warning "frappe-ui > @tiptap/extension-table@2.2.3" has unmet peer dependency "@tiptap/core@^2.0.0".
warning "frappe-ui > @tiptap/extension-table-cell@2.2.3" has unmet peer dependency "@tiptap/core@^2.0.0".
warning "frappe-ui > @tiptap/extension-table-header@2.2.3" has unmet peer dependency "@tiptap/core@^2.0.0".
warning "frappe-ui > @tiptap/extension-table-row@2.2.3" has unmet peer dependency "@tiptap/core@^2.0.0".
warning "frappe-ui > @tiptap/extension-text-align@2.2.3" has unmet peer dependency "@tiptap/core@^2.0.0".
warning "frappe-ui > @tiptap/extension-text-style@2.2.3" has unmet peer dependency "@tiptap/core@^2.0.0".
warning "frappe-ui > @tiptap/extension-typography@2.2.3" has unmet peer dependency "@tiptap/core@^2.0.0".
warning "frappe-ui > @tiptap/suggestion@2.2.3" has unmet peer dependency "@tiptap/core@^2.0.0".
warning "frappe-ui > @tiptap/vue-3@2.2.3" has unmet peer dependency "@tiptap/core@^2.0.0".
warning "frappe-ui > @tiptap/vue-3 > @tiptap/extension-bubble-menu@2.2.3" has unmet peer dependency "@tiptap/core@^2.0.0".
warning "frappe-ui > @tiptap/vue-3 > @tiptap/extension-floating-menu@2.2.3" has unmet peer dependency "@tiptap/core@^2.0.0".
[4/4] Building fresh packages...
Done in 12.64s.

real	0m12.817s
user	0m9.975s
sys	0m7.497s
